// Jest Snapshot v1, https://goo.gl/fbAQLP

exports[`Radio test render Radio component 1`] = `
<DocumentFragment>
  <label
    class="css-vp9ilu e1ipjxvp0"
  >
    <span
      class="radio-input"
    >
      <input
        class="css-1iqdaat e1ipjxvp1"
        name="test"
        type="radio"
      />
    </span>
    <span
      class="radio-label css-nbpclj-RadioButton"
    >
      Test
    </span>
  </label>
</DocumentFragment>
`;
